id, flight, route, speed, airline, previousFlights, totalFlightTime, registrationInfo
